src/components/dashboard/MainChat.tsx(1,10): error TS6133: 'Bot' is declared but its value is never read.
src/components/dashboard/MainChat.tsx(1,15): error TS6133: 'Send' is declared but its value is never read.
src/components/dashboard/MainChat.tsx(1,50): error TS6133: 'ArrowRight' is declared but its value is never read.
src/components/dashboard/MainChat.tsx(143,21): error TS2304: Cannot find name 'Zap'.
src/components/dashboard/OverviewPanel.tsx(156,33): error TS6133: 'entry' is declared but its value is never read.
src/components/dashboard/SettingsPanel.tsx(1,18): error TS6133: 'TrendingDown' is declared but its value is never read.
src/components/dashboard/SettingsPanel.tsx(1,56): error TS6133: 'SlidersHorizontal' is declared but its value is never read.
src/components/layout/TopHeader.tsx(1,32): error TS6133: 'Zap' is declared but its value is never read.
